// Jest Snapshot v1, https://goo.gl/fbAQLP

exports[`ValuationsInput should be tolerant of an undefined valuations prop 1`] = `
<div
  className="valuations-input control-group"
>
  <table
    className="valuations table"
  >
    <tbody />
  </table>
  <button
    className="button add-valuation-button"
    onClick={[Function]}
    type="button"
  >
    +  Add
  </button>
</div>
`;

exports[`ValuationsInput should display errors if touched 1`] = `
<div
  className="errors"
>
  <div
    className="error"
  >
    does not look right
  </div>
  <div
    className="error"
  >
    smells funny
  </div>
</div>
`;

exports[`ValuationsInput should render 1`] = `
<div
  className="valuations-input control-group"
>
  <table
    className="valuations table"
  >
    <tbody>
      <tr
        className="valuation valuation-purchase"
      >
        <td
          className="valuations-date"
        >
          <t
            autoFocus={false}
            dateFormat="D MMM YYYY"
            dateFormatCalendar="MMMM YYYY"
            disabled={false}
            disabledKeyboardNavigation={false}
            dropdownMode="scroll"
            monthsShown={1}
            name="valuations-date-0"
            onBlur={[Function]}
            onChange={[Function]}
            onClickOutside={[Function]}
            onFocus={[Function]}
            onMonthChange={[Function]}
            onSelect={[Function]}
            popoverAttachment="top left"
            popoverTargetAttachment="bottom left"
            popoverTargetOffset="10px 0"
            selected={"1983-06-20T14:00:00.000Z"}
            showYearDropdown={true}
            tetherConstraints={
              Array [
                Object {
                  "attachment": "together",
                  "to": "window",
                },
              ]
            }
            utcOffset={600}
            withPortal={false}
          />
        </td>
        <td
          className="valuations-amount"
        >
          <input
            min="1"
            name="valuations-amount-0"
            onBlur={[Function]}
            onChange={[Function]}
            onFocus={[Function]}
            placeholder="Value"
            type="number"
            value="18700000"
          />
        </td>
        <td
          className="valuations-note"
        >
          <input
            name="valuations-note-0"
            onBlur={[Function]}
            onChange={[Function]}
            onFocus={[Function]}
            placeholder="Note"
            type="text"
            value="Initial purchase price"
          />
          <HiddenField
            name="valuations-type-0"
            type="hidden"
            value="purchase"
          />
        </td>
        <td
          className="valuations-delete"
        >
          <button
            className="delete-valuation-button"
            onClick={[Function]}
            type="button"
          />
        </td>
      </tr>
      <tr
        className="valuation"
      >
        <td
          className="valuations-date"
        >
          <t
            autoFocus={false}
            dateFormat="D MMM YYYY"
            dateFormatCalendar="MMMM YYYY"
            disabled={false}
            disabledKeyboardNavigation={false}
            dropdownMode="scroll"
            monthsShown={1}
            name="valuations-date-1"
            onBlur={[Function]}
            onChange={[Function]}
            onClickOutside={[Function]}
            onFocus={[Function]}
            onMonthChange={[Function]}
            onSelect={[Function]}
            popoverAttachment="top left"
            popoverTargetAttachment="bottom left"
            popoverTargetOffset="10px 0"
            selected={"1992-03-14T14:00:00.000Z"}
            showYearDropdown={true}
            tetherConstraints={
              Array [
                Object {
                  "attachment": "together",
                  "to": "window",
                },
              ]
            }
            utcOffset={600}
            withPortal={false}
          />
        </td>
        <td
          className="valuations-amount"
        >
          <input
            min="1"
            name="valuations-amount-1"
            onBlur={[Function]}
            onChange={[Function]}
            onFocus={[Function]}
            placeholder="Value"
            type="number"
            value="36000000"
          />
        </td>
        <td
          className="valuations-note"
        >
          <input
            name="valuations-note-1"
            onBlur={[Function]}
            onChange={[Function]}
            onFocus={[Function]}
            placeholder="Note"
            type="text"
            value="Bank valuation - refinance"
          />
          <HiddenField
            name="valuations-type-1"
            type="hidden"
            value="none"
          />
        </td>
        <td
          className="valuations-delete"
        >
          <button
            className="delete-valuation-button"
            onClick={[Function]}
            type="button"
          />
        </td>
      </tr>
      <tr
        className="valuation"
      >
        <td
          className="valuations-date"
        >
          <t
            autoFocus={false}
            dateFormat="D MMM YYYY"
            dateFormatCalendar="MMMM YYYY"
            disabled={false}
            disabledKeyboardNavigation={false}
            dropdownMode="scroll"
            monthsShown={1}
            name="valuations-date-2"
            onBlur={[Function]}
            onChange={[Function]}
            onClickOutside={[Function]}
            onFocus={[Function]}
            onMonthChange={[Function]}
            onSelect={[Function]}
            popoverAttachment="top left"
            popoverTargetAttachment="bottom left"
            popoverTargetOffset="10px 0"
            selected={"2001-12-24T14:00:00.000Z"}
            showYearDropdown={true}
            tetherConstraints={
              Array [
                Object {
                  "attachment": "together",
                  "to": "window",
                },
              ]
            }
            utcOffset={600}
            withPortal={false}
          />
        </td>
        <td
          className="valuations-amount"
        >
          <input
            min="1"
            name="valuations-amount-2"
            onBlur={[Function]}
            onChange={[Function]}
            onFocus={[Function]}
            placeholder="Value"
            type="number"
            value="75000000"
          />
        </td>
        <td
          className="valuations-note"
        >
          <input
            name="valuations-note-2"
            onBlur={[Function]}
            onChange={[Function]}
            onFocus={[Function]}
            placeholder="Note"
            type="text"
            value="Sworn valuation"
          />
          <HiddenField
            name="valuations-type-2"
            type="hidden"
            value="none"
          />
        </td>
        <td
          className="valuations-delete"
        >
          <button
            className="delete-valuation-button"
            onClick={[Function]}
            type="button"
          />
        </td>
      </tr>
    </tbody>
  </table>
  <button
    className="button add-valuation-button"
    onClick={[Function]}
    type="button"
  >
    +  Add
  </button>
</div>
`;

exports[`ValuationsInput validation should return an error when valuations share dates 1`] = `
Array [
  "Valuations must all be on different dates",
]
`;
