// Jest Snapshot v1, https://goo.gl/fbAQLP

exports[`CurrencyField should render 1`] = `
<InputField
  name="someInput"
  onChange={[Function]}
  type="text"
  value="$123,456"
/>
`;
